// Jest Snapshot v1, https://goo.gl/fbAQLP

exports[`<RecordCard> should render without crashing 1`] = `
<Link
  replace={false}
  to="/user/ireport/undefineds/undefined"
>
  <div>
    <div
      style={
        Object {
          "backgroundImage": "url(undefined)",
          "backgroundPosition": "50%",
          "backgroundRepeat": "no-repeat",
          "backgroundSize": "cover",
          "height": "150px",
          "width": "inherit",
        }
      }
    />
    comment:
    <div />
    <div>
      <displayPicture />
      <div>
        <div>
          undefined undefined
        </div>
        <div />
      </div>
      <div>
        <div />
      </div>
    </div>
    <div>
      <div>
        Status: 
      </div>
    </div>
  </div>
</Link>
`;
